---
source: crates/sui-swarm-config/tests/snapshot_tests.rs
expression: genesis.sui_system_object().into_genesis_version_for_tooling()
---
epoch: 0
protocol_version: 31
system_state_version: 1
validators:
  total_stake: 20000000000000000
  active_validators:
    - metadata:
        sui_address: "0x60307f36c284875bf298d4d85a673046648b1ac4b47e712e42ab10d57dd77a26"
        protocol_pubkey_bytes:
          - 153
          - 242
          - 94
          - 246
          - 31
          - 128
          - 50
          - 185
          - 20
          - 99
          - 100
          - 96
          - 152
          - 44
          - 92
          - 198
          - 241
          - 52
          - 239
          - 29
          - 218
          - 231
          - 102
          - 87
          - 242
          - 203
          - 254
          - 193
          - 235
          - 252
          - 141
          - 9
          - 115
          - 116
          - 8
          - 13
          - 246
          - 252
          - 240
          - 220
          - 184
          - 188
          - 75
          - 13
          - 142
          - 10
          - 245
          - 216
          - 14
          - 187
          - 255
          - 43
          - 76
          - 89
          - 159
          - 84
          - 244
          - 45
          - 99
          - 18
          - 223
          - 195
          - 20
          - 39
          - 96
          - 120
          - 193
          - 204
          - 52
          - 126
          - 187
          - 190
          - 197
          - 25
          - 139
          - 226
          - 88
          - 81
          - 63
          - 56
          - 107
          - 147
          - 13
          - 2
          - 194
          - 116
          - 154
          - 128
          - 62
          - 35
          - 48
          - 149
          - 94
          - 189
          - 26
          - 16
        network_pubkey_bytes:
          - 148
          - 228
          - 168
          - 73
          - 49
          - 68
          - 233
          - 230
          - 150
          - 32
          - 140
          - 190
          - 208
          - 2
          - 89
          - 230
          - 221
          - 181
          - 111
          - 151
          - 155
          - 145
          - 195
          - 41
          - 103
          - 86
          - 9
          - 133
          - 190
          - 97
          - 144
          - 155
        worker_pubkey_bytes:
          - 31
          - 42
          - 121
          - 1
          - 168
          - 66
          - 228
          - 211
          - 98
          - 59
          - 198
          - 28
          - 225
          - 193
          - 113
          - 125
          - 46
          - 118
          - 142
          - 15
          - 215
          - 45
          - 248
          - 52
          - 26
          - 245
          - 102
          - 21
          - 185
          - 22
          - 240
          - 56
        proof_of_possession_bytes:
          - 151
          - 191
          - 31
          - 245
          - 62
          - 131
          - 184
          - 23
          - 162
          - 33
          - 124
          - 71
          - 229
          - 10
          - 56
          - 179
          - 47
          - 67
          - 223
          - 65
          - 196
          - 125
          - 67
          - 111
          - 55
          - 104
          - 114
          - 157
          - 166
          - 146
          - 6
          - 104
          - 90
          - 214
          - 33
          - 36
          - 63
          - 93
          - 228
          - 221
          - 166
          - 7
          - 164
          - 61
          - 169
          - 219
          - 78
          - 19
        name: "0"
        description: ""
        image_url: ""
        project_url: ""
        net_address: /ip4/127.0.0.1/tcp/80
        p2p_address: /ip4/127.0.0.1/udp/80
        primary_address: /ip4/127.0.0.1/udp/80
        worker_address: /ip4/127.0.0.1/udp/80
        next_epoch_protocol_pubkey_bytes: ~
        next_epoch_proof_of_possession: ~
        next_epoch_network_pubkey_bytes: ~
        next_epoch_worker_pubkey_bytes: ~
        next_epoch_net_address: ~
        next_epoch_p2p_address: ~
        next_epoch_primary_address: ~
        next_epoch_worker_address: ~
        extra_fields:
          id:
            id: "0x347464fd32f7f331db333eb17e5689b96db8d5db397e4de757400dd52bbd078e"
          size: 0
      voting_power: 10000
      operation_cap_id: "0xdef0a27cf3b62cbf5695d11a13fd4e0dfd3135a0e1d0d11c11208df5dc2f9815"
      gas_price: 1000
      staking_pool:
        id: "0x7a1c67da533e5f17f73b26cb552854dfc52ce7fcf289052768bbc6e649f6a72f"
        activation_epoch: 0
        deactivation_epoch: ~
        sui_balance: 20000000000000000
        rewards_pool:
          value: 0
        pool_token_balance: 20000000000000000
        exchange_rates:
          id: "0xbfb1d9585887027a73662a0f40cf30a47af48a2d120dcda6a9fb69ca1d9a6eb7"
          size: 1
        pending_stake: 0
        pending_total_sui_withdraw: 0
        pending_pool_token_withdraw: 0
        extra_fields:
          id:
            id: "0x7e545f719e3c1027805619da4421026608816f220ac08f1d280d6ad126594d0b"
          size: 0
      commission_rate: 200
      next_epoch_stake: 20000000000000000
      next_epoch_gas_price: 1000
      next_epoch_commission_rate: 200
      extra_fields:
        id:
          id: "0xf75c764f216b4f8ae8448198400b8297a01f75b637133015f86b68aa040fda6c"
        size: 0
  pending_active_validators:
    contents:
      id: "0x71f67bfb784c6cbf8323e24960395125c44f7693a5938ed8e0fe5bc92a41e419"
      size: 0
  pending_removals: []
  staking_pool_mappings:
    id: "0xb56b12e798431037347d8b23ca113c2f35bca159d038d1fdae697b07ad47cd24"
    size: 1
  inactive_validators:
    id: "0xeef25e5352675a99ba3330a84fbfd7e827f59486628bf16243b698f458c97a06"
    size: 0
  validator_candidates:
    id: "0x9b61df785fd6d01b3623395edf8d1e5fc4553ea495a797567050178760c7dec4"
    size: 0
  at_risk_validators:
    contents: []
  extra_fields:
    id:
      id: "0x01709929053b28036b5a1884b167986bc52b3b384f1923428c22c432acd6a6b4"
    size: 0
storage_fund:
  total_object_storage_rebates:
    value: 0
  non_refundable_balance:
    value: 0
parameters:
  epoch_duration_ms: 86400000
  stake_subsidy_start_epoch: 0
  max_validator_count: 150
  min_validator_joining_stake: 30000000000000000
  validator_low_stake_threshold: 20000000000000000
  validator_very_low_stake_threshold: 15000000000000000
  validator_low_stake_grace_period: 7
  extra_fields:
    id:
      id: "0x4828b056c331a1d3f5b8c12eef4ed6d34b9d2fee39a2ea0c91b8820199ff0c0b"
    size: 0
reference_gas_price: 1000
validator_report_records:
  contents: []
stake_subsidy:
  balance:
    value: 9230000000000000000
  distribution_counter: 0
  current_distribution_amount: 1000000000000000
  stake_subsidy_period_length: 10
  stake_subsidy_decrease_rate: 1000
  extra_fields:
    id:
      id: "0x0155b6286e99c55defbf56645d39b8bb472f92fc71810d9479ffe1ac75a53b7a"
    size: 0
safe_mode: false
safe_mode_storage_rewards:
  value: 0
safe_mode_computation_rewards:
  value: 0
safe_mode_storage_rebates: 0
safe_mode_non_refundable_storage_fee: 0
epoch_start_timestamp_ms: 10
extra_fields:
  id:
    id: "0x7fdd98d1c01e77bc8a643cc7d124904a4f35e607abaea3c10d2789f0ddc144d2"
  size: 0

